Archive member included because of file (symbol)

c:/program files (x86)/atmel/atmel studio 6.0/extensions/atmel/avrgcc/3.4.1.95/avrtoolchain/bin/../lib/gcc/avr/4.6.2/avr5\libgcc.a(_exit.o)
                              c:/program files (x86)/atmel/atmel studio 6.0/extensions/atmel/avrgcc/3.4.1.95/avrtoolchain/bin/../lib/gcc/avr/4.6.2/../../../../avr/lib/avr5/crtm32a.o (exit)
c:/program files (x86)/atmel/atmel studio 6.0/extensions/atmel/avrgcc/3.4.1.95/avrtoolchain/bin/../lib/gcc/avr/4.6.2/avr5\libgcc.a(_copy_data.o)
                              DIO.o (__do_copy_data)
c:/program files (x86)/atmel/atmel studio 6.0/extensions/atmel/avrgcc/3.4.1.95/avrtoolchain/bin/../lib/gcc/avr/4.6.2/avr5\libgcc.a(_clear_bss.o)
                              DIO.o (__do_clear_bss)

Allocating common symbols
Common symbol       size              file

TWI_I2C             0x2               Interrupts.o
USART_RXC           0x2               Interrupts.o
TIMER2OVF           0x2               Interrupts.o
SPM_RDY             0x2               Interrupts.o
TIMER1COMPB         0x2               Interrupts.o
Buffer_Array        0x12              TMU.o
TIMER1COMPA         0x2               Interrupts.o
SPI_STC             0x2               Interrupts.o
INT2_external_interrupt
                    0x2               Interrupts.o
ANA_COMP            0x2               Interrupts.o
ADC_INT             0x2               Interrupts.o
EE_RDY              0x2               Interrupts.o
INT0_external_interrupt
                    0x2               Interrupts.o
USART_TXC           0x2               Interrupts.o
TIMER0COMP          0x2               Interrupts.o
USART_UDRE          0x2               Interrupts.o
INT1_external_interrupt
                    0x2               Interrupts.o
TIMER1CAPT          0x2               Interrupts.o
TIMER1OVF           0x2               Interrupts.o
TIMER2COMP          0x2               Interrupts.o

Memory Configuration

Name             Origin             Length             Attributes
text             0x00000000         0x00020000         xr
data             0x00800060         0x0000ffa0         rw !x
eeprom           0x00810000         0x00010000         rw !x
fuse             0x00820000         0x00000400         rw !x
lock             0x00830000         0x00000400         rw !x
signature        0x00840000         0x00000400         rw !x
*default*        0x00000000         0xffffffff

Linker script and memory map

LOAD c:/program files (x86)/atmel/atmel studio 6.0/extensions/atmel/avrgcc/3.4.1.95/avrtoolchain/bin/../lib/gcc/avr/4.6.2/../../../../avr/lib/avr5/crtm32a.o
LOAD DIO.o
LOAD DIO_config.o
LOAD Interrupts.o
LOAD main.o
LOAD timer.o
LOAD Timer_Config.o
LOAD TMU.o
LOAD TMU_Config.o
START GROUP
LOAD c:/program files (x86)/atmel/atmel studio 6.0/extensions/atmel/avrgcc/3.4.1.95/avrtoolchain/bin/../lib/gcc/avr/4.6.2/../../../../avr/lib/avr5\libm.a
END GROUP
LOAD c:/program files (x86)/atmel/atmel studio 6.0/extensions/atmel/avrgcc/3.4.1.95/avrtoolchain/bin/../lib/gcc/avr/4.6.2/avr5\libgcc.a
LOAD c:/program files (x86)/atmel/atmel studio 6.0/extensions/atmel/avrgcc/3.4.1.95/avrtoolchain/bin/../lib/gcc/avr/4.6.2/../../../../avr/lib/avr5\libc.a
LOAD c:/program files (x86)/atmel/atmel studio 6.0/extensions/atmel/avrgcc/3.4.1.95/avrtoolchain/bin/../lib/gcc/avr/4.6.2/avr5\libgcc.a

.hash
 *(.hash)

.dynsym
 *(.dynsym)

.dynstr
 *(.dynstr)

.gnu.version
 *(.gnu.version)

.gnu.version_d
 *(.gnu.version_d)

.gnu.version_r
 *(.gnu.version_r)

.rel.init
 *(.rel.init)

.rela.init
 *(.rela.init)

.rel.text
 *(.rel.text)
 *(.rel.text.*)
 *(.rel.gnu.linkonce.t*)

.rela.text
 *(.rela.text)
 *(.rela.text.*)
 *(.rela.gnu.linkonce.t*)

.rel.fini
 *(.rel.fini)

.rela.fini
 *(.rela.fini)

.rel.rodata
 *(.rel.rodata)
 *(.rel.rodata.*)
 *(.rel.gnu.linkonce.r*)

.rela.rodata
 *(.rela.rodata)
 *(.rela.rodata.*)
 *(.rela.gnu.linkonce.r*)

.rel.data
 *(.rel.data)
 *(.rel.data.*)
 *(.rel.gnu.linkonce.d*)

.rela.data
 *(.rela.data)
 *(.rela.data.*)
 *(.rela.gnu.linkonce.d*)

.rel.ctors
 *(.rel.ctors)

.rela.ctors
 *(.rela.ctors)

.rel.dtors
 *(.rel.dtors)

.rela.dtors
 *(.rela.dtors)

.rel.got
 *(.rel.got)

.rela.got
 *(.rela.got)

.rel.bss
 *(.rel.bss)

.rela.bss
 *(.rela.bss)

.rel.plt
 *(.rel.plt)

.rela.plt
 *(.rela.plt)

.text           0x00000000      0xf36
 *(.vectors)
 .vectors       0x00000000       0x54 c:/program files (x86)/atmel/atmel studio 6.0/extensions/atmel/avrgcc/3.4.1.95/avrtoolchain/bin/../lib/gcc/avr/4.6.2/../../../../avr/lib/avr5/crtm32a.o
                0x00000000                __vector_default
                0x00000000                __vectors
 *(.vectors)
 *(.progmem.gcc*)
 *(.progmem*)
                0x00000054                . = ALIGN (0x2)
                0x00000054                __trampolines_start = .
 *(.trampolines)
 .trampolines   0x00000054        0x0 linker stubs
 *(.trampolines*)
                0x00000054                __trampolines_end = .
 *(.jumptables)
 *(.jumptables*)
 *(.lowtext)
 *(.lowtext*)
                0x00000054                __ctors_start = .
 *(.ctors)
                0x00000054                __ctors_end = .
                0x00000054                __dtors_start = .
 *(.dtors)
                0x00000054                __dtors_end = .
 SORT(*)(.ctors)
 SORT(*)(.dtors)
 *(.init0)
 .init0         0x00000054        0x0 c:/program files (x86)/atmel/atmel studio 6.0/extensions/atmel/avrgcc/3.4.1.95/avrtoolchain/bin/../lib/gcc/avr/4.6.2/../../../../avr/lib/avr5/crtm32a.o
                0x00000054                __init
 *(.init0)
 *(.init1)
 *(.init1)
 *(.init2)
 .init2         0x00000054        0xc c:/program files (x86)/atmel/atmel studio 6.0/extensions/atmel/avrgcc/3.4.1.95/avrtoolchain/bin/../lib/gcc/avr/4.6.2/../../../../avr/lib/avr5/crtm32a.o
 *(.init2)
 *(.init3)
 *(.init3)
 *(.init4)
 .init4         0x00000060       0x16 c:/program files (x86)/atmel/atmel studio 6.0/extensions/atmel/avrgcc/3.4.1.95/avrtoolchain/bin/../lib/gcc/avr/4.6.2/avr5\libgcc.a(_copy_data.o)
                0x00000060                __do_copy_data
 .init4         0x00000076       0x10 c:/program files (x86)/atmel/atmel studio 6.0/extensions/atmel/avrgcc/3.4.1.95/avrtoolchain/bin/../lib/gcc/avr/4.6.2/avr5\libgcc.a(_clear_bss.o)
                0x00000076                __do_clear_bss
 *(.init4)
 *(.init5)
 *(.init5)
 *(.init6)
 *(.init6)
 *(.init7)
 *(.init7)
 *(.init8)
 *(.init8)
 *(.init9)
 .init9         0x00000086        0x8 c:/program files (x86)/atmel/atmel studio 6.0/extensions/atmel/avrgcc/3.4.1.95/avrtoolchain/bin/../lib/gcc/avr/4.6.2/../../../../avr/lib/avr5/crtm32a.o
 *(.init9)
 *(.text)
 .text          0x0000008e        0x4 c:/program files (x86)/atmel/atmel studio 6.0/extensions/atmel/avrgcc/3.4.1.95/avrtoolchain/bin/../lib/gcc/avr/4.6.2/../../../../avr/lib/avr5/crtm32a.o
                0x0000008e                __bad_interrupt
 .text          0x00000092      0x1be DIO.o
                0x00000092                DIO_init
                0x00000140                DIO_Write
                0x000001d4                DIO_Read
                0x00000212                DIO_Toggle
 .text          0x00000250        0x0 DIO_config.o
 .text          0x00000250      0x66a Interrupts.o
                0x00000250                G_interrupt_Enable
                0x00000258                EX_interrupt_enable2
                0x0000026a                EX_interrupt_enable1
                0x00000282                EX_interrupt_enable0
                0x0000029a                G_interrupt_Disable
                0x000002a2                __vector_1
                0x000002f0                __vector_2
                0x0000033e                __vector_3
                0x0000038c                __vector_4
                0x000003da                __vector_5
                0x00000428                __vector_6
                0x00000476                __vector_7
                0x000004c4                __vector_8
                0x00000512                __vector_9
                0x00000560                __vector_10
                0x000005ae                __vector_11
                0x000005fc                __vector_12
                0x0000064a                __vector_13
                0x00000698                __vector_14
                0x000006e6                __vector_15
                0x00000734                __vector_16
                0x00000782                __vector_17
                0x000007d0                __vector_18
                0x0000081e                __vector_19
                0x0000086c                __vector_20
 .text          0x000008ba       0x30 main.o
                0x000008ba                main
 .text          0x000008ea      0x4de timer.o
                0x000008ea                Timer_Init
                0x00000aec                Timer_Start
                0x00000d1e                Timer_Stop
                0x00000d52                Timer_GetStatus
                0x00000d94                Timer_GetValue
 .text          0x00000dc8        0x0 Timer_Config.o
 .text          0x00000dc8      0x16a TMU.o
                0x00000dc8                TMU_Init
                0x00000e44                TMU_DeInit
                0x00000e48                TMU_Start_Timer
                0x00000e7c                TMU_Main_Function
                0x00000ed6                TMU_Stop_Timer
                0x00000ef2                Tmu_Fun
                0x00000efc                Tmu_For
                0x00000f06                Tmu_excute
                0x00000f0e                timer_interrupt
 .text          0x00000f32        0x0 TMU_Config.o
 .text          0x00000f32        0x0 c:/program files (x86)/atmel/atmel studio 6.0/extensions/atmel/avrgcc/3.4.1.95/avrtoolchain/bin/../lib/gcc/avr/4.6.2/avr5\libgcc.a(_exit.o)
 .text          0x00000f32        0x0 c:/program files (x86)/atmel/atmel studio 6.0/extensions/atmel/avrgcc/3.4.1.95/avrtoolchain/bin/../lib/gcc/avr/4.6.2/avr5\libgcc.a(_copy_data.o)
 .text          0x00000f32        0x0 c:/program files (x86)/atmel/atmel studio 6.0/extensions/atmel/avrgcc/3.4.1.95/avrtoolchain/bin/../lib/gcc/avr/4.6.2/avr5\libgcc.a(_clear_bss.o)
                0x00000f32                . = ALIGN (0x2)
 *(.text.*)
 .text.libgcc   0x00000f32        0x0 c:/program files (x86)/atmel/atmel studio 6.0/extensions/atmel/avrgcc/3.4.1.95/avrtoolchain/bin/../lib/gcc/avr/4.6.2/avr5\libgcc.a(_exit.o)
 .text.libgcc   0x00000f32        0x0 c:/program files (x86)/atmel/atmel studio 6.0/extensions/atmel/avrgcc/3.4.1.95/avrtoolchain/bin/../lib/gcc/avr/4.6.2/avr5\libgcc.a(_copy_data.o)
 .text.libgcc   0x00000f32        0x0 c:/program files (x86)/atmel/atmel studio 6.0/extensions/atmel/avrgcc/3.4.1.95/avrtoolchain/bin/../lib/gcc/avr/4.6.2/avr5\libgcc.a(_clear_bss.o)
                0x00000f32                . = ALIGN (0x2)
 *(.fini9)
 .fini9         0x00000f32        0x0 c:/program files (x86)/atmel/atmel studio 6.0/extensions/atmel/avrgcc/3.4.1.95/avrtoolchain/bin/../lib/gcc/avr/4.6.2/avr5\libgcc.a(_exit.o)
                0x00000f32                _exit
                0x00000f32                exit
 *(.fini9)
 *(.fini8)
 *(.fini8)
 *(.fini7)
 *(.fini7)
 *(.fini6)
 *(.fini6)
 *(.fini5)
 *(.fini5)
 *(.fini4)
 *(.fini4)
 *(.fini3)
 *(.fini3)
 *(.fini2)
 *(.fini2)
 *(.fini1)
 *(.fini1)
 *(.fini0)
 .fini0         0x00000f32        0x4 c:/program files (x86)/atmel/atmel studio 6.0/extensions/atmel/avrgcc/3.4.1.95/avrtoolchain/bin/../lib/gcc/avr/4.6.2/avr5\libgcc.a(_exit.o)
 *(.fini0)
                0x00000f36                _etext = .

.data           0x00800060       0x1c load address 0x00000f36
                0x00800060                PROVIDE (__data_start, .)
 *(.data)
 .data          0x00800060        0x0 c:/program files (x86)/atmel/atmel studio 6.0/extensions/atmel/avrgcc/3.4.1.95/avrtoolchain/bin/../lib/gcc/avr/4.6.2/../../../../avr/lib/avr5/crtm32a.o
 .data          0x00800060        0x0 DIO.o
 .data          0x00800060        0xc DIO_config.o
                0x00800060                Dio_configurationD
                0x00800063                Dio_configurationC
                0x00800066                Dio_configurationB
                0x00800069                Dio_configurationA
 .data          0x0080006c        0x2 Interrupts.o
                0x0080006c                TIMER0OVF_INT
 .data          0x0080006e        0x0 main.o
 .data          0x0080006e        0x0 timer.o
 .data          0x0080006e        0xc Timer_Config.o
                0x0080006e                Timer_Configuration0
                0x00800074                Timer_Configuration2
 .data          0x0080007a        0x0 TMU.o
 .data          0x0080007a        0x2 TMU_Config.o
                0x0080007a                TMU_Configuration
 .data          0x0080007c        0x0 c:/program files (x86)/atmel/atmel studio 6.0/extensions/atmel/avrgcc/3.4.1.95/avrtoolchain/bin/../lib/gcc/avr/4.6.2/avr5\libgcc.a(_exit.o)
 .data          0x0080007c        0x0 c:/program files (x86)/atmel/atmel studio 6.0/extensions/atmel/avrgcc/3.4.1.95/avrtoolchain/bin/../lib/gcc/avr/4.6.2/avr5\libgcc.a(_copy_data.o)
 .data          0x0080007c        0x0 c:/program files (x86)/atmel/atmel studio 6.0/extensions/atmel/avrgcc/3.4.1.95/avrtoolchain/bin/../lib/gcc/avr/4.6.2/avr5\libgcc.a(_clear_bss.o)
 *(.data*)
 *(.rodata)
 *(.rodata*)
 *(.gnu.linkonce.d*)
                0x0080007c                . = ALIGN (0x2)
                0x0080007c                _edata = .
                0x0080007c                PROVIDE (__data_end, .)

.bss            0x0080007c       0x3d
                0x0080007c                PROVIDE (__bss_start, .)
 *(.bss)
 .bss           0x0080007c        0x0 c:/program files (x86)/atmel/atmel studio 6.0/extensions/atmel/avrgcc/3.4.1.95/avrtoolchain/bin/../lib/gcc/avr/4.6.2/../../../../avr/lib/avr5/crtm32a.o
 .bss           0x0080007c        0x0 DIO.o
 .bss           0x0080007c        0x0 DIO_config.o
 .bss           0x0080007c        0x0 Interrupts.o
 .bss           0x0080007c        0x0 main.o
 .bss           0x0080007c        0x1 timer.o
 .bss           0x0080007d        0x0 Timer_Config.o
 .bss           0x0080007d        0x4 TMU.o
                0x0080007d                u16Excution_to_be_done
                0x0080007f                u8_FUN_index
                0x00800080                u8_Is_Intialized
 .bss           0x00800081        0x0 TMU_Config.o
 .bss           0x00800081        0x0 c:/program files (x86)/atmel/atmel studio 6.0/extensions/atmel/avrgcc/3.4.1.95/avrtoolchain/bin/../lib/gcc/avr/4.6.2/avr5\libgcc.a(_exit.o)
 .bss           0x00800081        0x0 c:/program files (x86)/atmel/atmel studio 6.0/extensions/atmel/avrgcc/3.4.1.95/avrtoolchain/bin/../lib/gcc/avr/4.6.2/avr5\libgcc.a(_copy_data.o)
 .bss           0x00800081        0x0 c:/program files (x86)/atmel/atmel studio 6.0/extensions/atmel/avrgcc/3.4.1.95/avrtoolchain/bin/../lib/gcc/avr/4.6.2/avr5\libgcc.a(_clear_bss.o)
 *(.bss*)
 *(COMMON)
 COMMON         0x00800081       0x26 Interrupts.o
                0x00800081                TWI_I2C
                0x00800083                USART_RXC
                0x00800085                TIMER2OVF
                0x00800087                SPM_RDY
                0x00800089                TIMER1COMPB
                0x0080008b                TIMER1COMPA
                0x0080008d                SPI_STC
                0x0080008f                INT2_external_interrupt
                0x00800091                ANA_COMP
                0x00800093                ADC_INT
                0x00800095                EE_RDY
                0x00800097                INT0_external_interrupt
                0x00800099                USART_TXC
                0x0080009b                TIMER0COMP
                0x0080009d                USART_UDRE
                0x0080009f                INT1_external_interrupt
                0x008000a1                TIMER1CAPT
                0x008000a3                TIMER1OVF
                0x008000a5                TIMER2COMP
 COMMON         0x008000a7       0x12 TMU.o
                0x008000a7                Buffer_Array
                0x008000b9                PROVIDE (__bss_end, .)
                0x00000f36                __data_load_start = LOADADDR (.data)
                0x00000f52                __data_load_end = (__data_load_start + SIZEOF (.data))

.noinit         0x008000b9        0x0
                0x008000b9                PROVIDE (__noinit_start, .)
 *(.noinit*)
                0x008000b9                PROVIDE (__noinit_end, .)
                0x008000b9                _end = .
                0x008000b9                PROVIDE (__heap_start, .)

.eeprom         0x00810000        0x0
 *(.eeprom*)
                0x00810000                __eeprom_end = .

.fuse
 *(.fuse)
 *(.lfuse)
 *(.hfuse)
 *(.efuse)

.lock
 *(.lock*)

.signature
 *(.signature*)

.stab           0x00000000      0x6cc
 *(.stab)
 .stab          0x00000000      0x6cc c:/program files (x86)/atmel/atmel studio 6.0/extensions/atmel/avrgcc/3.4.1.95/avrtoolchain/bin/../lib/gcc/avr/4.6.2/../../../../avr/lib/avr5/crtm32a.o

.stabstr        0x00000000       0x85
 *(.stabstr)
 .stabstr       0x00000000       0x85 c:/program files (x86)/atmel/atmel studio 6.0/extensions/atmel/avrgcc/3.4.1.95/avrtoolchain/bin/../lib/gcc/avr/4.6.2/../../../../avr/lib/avr5/crtm32a.o

.stab.excl
 *(.stab.excl)

.stab.exclstr
 *(.stab.exclstr)

.stab.index
 *(.stab.index)

.stab.indexstr
 *(.stab.indexstr)

.comment
 *(.comment)

.debug
 *(.debug)

.line
 *(.line)

.debug_srcinfo
 *(.debug_srcinfo)

.debug_sfnames
 *(.debug_sfnames)

.debug_aranges  0x00000000      0x100
 *(.debug_aranges)
 .debug_aranges
                0x00000000       0x20 DIO.o
 .debug_aranges
                0x00000020       0x20 Interrupts.o
 .debug_aranges
                0x00000040       0x20 main.o
 .debug_aranges
                0x00000060       0x20 timer.o
 .debug_aranges
                0x00000080       0x20 TMU.o
 .debug_aranges
                0x000000a0       0x20 c:/program files (x86)/atmel/atmel studio 6.0/extensions/atmel/avrgcc/3.4.1.95/avrtoolchain/bin/../lib/gcc/avr/4.6.2/avr5\libgcc.a(_exit.o)
 .debug_aranges
                0x000000c0       0x20 c:/program files (x86)/atmel/atmel studio 6.0/extensions/atmel/avrgcc/3.4.1.95/avrtoolchain/bin/../lib/gcc/avr/4.6.2/avr5\libgcc.a(_copy_data.o)
 .debug_aranges
                0x000000e0       0x20 c:/program files (x86)/atmel/atmel studio 6.0/extensions/atmel/avrgcc/3.4.1.95/avrtoolchain/bin/../lib/gcc/avr/4.6.2/avr5\libgcc.a(_clear_bss.o)

.debug_pubnames
 *(.debug_pubnames)

.debug_info     0x00000000     0x14dd
 *(.debug_info)
 .debug_info    0x00000000      0x206 DIO.o
 .debug_info    0x00000206       0xf3 DIO_config.o
 .debug_info    0x000002f9      0x510 Interrupts.o
 .debug_info    0x00000809       0xf0 main.o
 .debug_info    0x000008f9      0x38c timer.o
 .debug_info    0x00000c85       0xf3 Timer_Config.o
 .debug_info    0x00000d78      0x41a TMU.o
 .debug_info    0x00001192       0xb4 TMU_Config.o
 .debug_info    0x00001246       0xdd c:/program files (x86)/atmel/atmel studio 6.0/extensions/atmel/avrgcc/3.4.1.95/avrtoolchain/bin/../lib/gcc/avr/4.6.2/avr5\libgcc.a(_exit.o)
 .debug_info    0x00001323       0xdd c:/program files (x86)/atmel/atmel studio 6.0/extensions/atmel/avrgcc/3.4.1.95/avrtoolchain/bin/../lib/gcc/avr/4.6.2/avr5\libgcc.a(_copy_data.o)
 .debug_info    0x00001400       0xdd c:/program files (x86)/atmel/atmel studio 6.0/extensions/atmel/avrgcc/3.4.1.95/avrtoolchain/bin/../lib/gcc/avr/4.6.2/avr5\libgcc.a(_clear_bss.o)
 *(.gnu.linkonce.wi.*)

.debug_abbrev   0x00000000      0x603
 *(.debug_abbrev)
 .debug_abbrev  0x00000000       0xd8 DIO.o
 .debug_abbrev  0x000000d8       0x75 DIO_config.o
 .debug_abbrev  0x0000014d       0xa1 Interrupts.o
 .debug_abbrev  0x000001ee       0x94 main.o
 .debug_abbrev  0x00000282      0x129 timer.o
 .debug_abbrev  0x000003ab       0x76 Timer_Config.o
 .debug_abbrev  0x00000421      0x139 TMU.o
 .debug_abbrev  0x0000055a       0x6d TMU_Config.o
 .debug_abbrev  0x000005c7       0x14 c:/program files (x86)/atmel/atmel studio 6.0/extensions/atmel/avrgcc/3.4.1.95/avrtoolchain/bin/../lib/gcc/avr/4.6.2/avr5\libgcc.a(_exit.o)
 .debug_abbrev  0x000005db       0x14 c:/program files (x86)/atmel/atmel studio 6.0/extensions/atmel/avrgcc/3.4.1.95/avrtoolchain/bin/../lib/gcc/avr/4.6.2/avr5\libgcc.a(_copy_data.o)
 .debug_abbrev  0x000005ef       0x14 c:/program files (x86)/atmel/atmel studio 6.0/extensions/atmel/avrgcc/3.4.1.95/avrtoolchain/bin/../lib/gcc/avr/4.6.2/avr5\libgcc.a(_clear_bss.o)

.debug_line     0x00000000      0x748
 *(.debug_line)
 .debug_line    0x00000000       0xe9 DIO.o
 .debug_line    0x000000e9       0x4e DIO_config.o
 .debug_line    0x00000137       0xc4 Interrupts.o
 .debug_line    0x000001fb       0x66 main.o
 .debug_line    0x00000261      0x1d7 timer.o
 .debug_line    0x00000438       0x52 Timer_Config.o
 .debug_line    0x0000048a       0xc9 TMU.o
 .debug_line    0x00000553       0x4e TMU_Config.o
 .debug_line    0x000005a1       0x88 c:/program files (x86)/atmel/atmel studio 6.0/extensions/atmel/avrgcc/3.4.1.95/avrtoolchain/bin/../lib/gcc/avr/4.6.2/avr5\libgcc.a(_exit.o)
 .debug_line    0x00000629       0x91 c:/program files (x86)/atmel/atmel studio 6.0/extensions/atmel/avrgcc/3.4.1.95/avrtoolchain/bin/../lib/gcc/avr/4.6.2/avr5\libgcc.a(_copy_data.o)
 .debug_line    0x000006ba       0x8e c:/program files (x86)/atmel/atmel studio 6.0/extensions/atmel/avrgcc/3.4.1.95/avrtoolchain/bin/../lib/gcc/avr/4.6.2/avr5\libgcc.a(_clear_bss.o)

.debug_frame    0x00000000      0x8ec
 *(.debug_frame)
 .debug_frame   0x00000000       0x54 DIO.o
 .debug_frame   0x00000054      0x744 Interrupts.o
 .debug_frame   0x00000798       0x24 main.o
 .debug_frame   0x000007bc       0x70 timer.o
 .debug_frame   0x0000082c       0xc0 TMU.o

.debug_str      0x00000000      0x6e8
 *(.debug_str)
 .debug_str     0x00000000      0x116 DIO.o
                                0x150 (size before relaxing)
 .debug_str     0x00000116       0x5e DIO_config.o
                                0x14f (size before relaxing)
 .debug_str     0x00000174      0x25c Interrupts.o
                                0x345 (size before relaxing)
 .debug_str     0x000003d0       0x51 main.o
                                0x13a (size before relaxing)
 .debug_str     0x00000421       0xeb timer.o
                                0x1f4 (size before relaxing)
 .debug_str     0x0000050c       0x3e Timer_Config.o
                                0x177 (size before relaxing)
 .debug_str     0x0000054a      0x18c TMU.o
                                0x349 (size before relaxing)
 .debug_str     0x000006d6       0x12 TMU_Config.o
                                0x12f (size before relaxing)

.debug_loc      0x00000000     0x174b
 *(.debug_loc)
 .debug_loc     0x00000000      0x28f DIO.o
 .debug_loc     0x0000028f      0xfdc Interrupts.o
 .debug_loc     0x0000126b      0x2eb timer.o
 .debug_loc     0x00001556      0x1f5 TMU.o

.debug_macinfo
 *(.debug_macinfo)
OUTPUT(TMU_EventDrivenArch.elf elf32-avr)
LOAD linker stubs
