Archive member included because of file (symbol)

c:/program files (x86)/atmel/atmel studio 6.0/extensions/atmel/avrgcc/3.4.1.95/avrtoolchain/bin/../lib/gcc/avr/4.6.2/avr5\libgcc.a(_exit.o)
                              c:/program files (x86)/atmel/atmel studio 6.0/extensions/atmel/avrgcc/3.4.1.95/avrtoolchain/bin/../lib/gcc/avr/4.6.2/../../../../avr/lib/avr5/crtm32a.o (exit)
c:/program files (x86)/atmel/atmel studio 6.0/extensions/atmel/avrgcc/3.4.1.95/avrtoolchain/bin/../lib/gcc/avr/4.6.2/avr5\libgcc.a(_copy_data.o)
                              DIO.o (__do_copy_data)
c:/program files (x86)/atmel/atmel studio 6.0/extensions/atmel/avrgcc/3.4.1.95/avrtoolchain/bin/../lib/gcc/avr/4.6.2/avr5\libgcc.a(_clear_bss.o)
                              DIO.o (__do_clear_bss)

Allocating common symbols
Common symbol       size              file

TWI_I2C             0x2               Interrupts.o
Start_status        0x2               TMU.o
USART_RXC           0x2               Interrupts.o
TIMER2OVF           0x2               Interrupts.o
SPM_RDY             0x2               Interrupts.o
TIMER1COMPB         0x2               Interrupts.o
Buffer_Array        0x10              TMU.o
TIMER1COMPA         0x2               Interrupts.o
SPI_STC             0x2               Interrupts.o
INT2_external_interrupt
                    0x2               Interrupts.o
ANA_COMP            0x2               Interrupts.o
ADC_INT             0x2               Interrupts.o
EE_RDY              0x2               Interrupts.o
INT0_external_interrupt
                    0x2               Interrupts.o
USART_TXC           0x2               Interrupts.o
TIMER0COMP          0x2               Interrupts.o
USART_UDRE          0x2               Interrupts.o
INT1_external_interrupt
                    0x2               Interrupts.o
start               0x4               TMU.o
TIMER1CAPT          0x2               Interrupts.o
TIMER1OVF           0x2               Interrupts.o
TIMER2COMP          0x2               Interrupts.o

Memory Configuration

Name             Origin             Length             Attributes
text             0x00000000         0x00020000         xr
data             0x00800060         0x0000ffa0         rw !x
eeprom           0x00810000         0x00010000         rw !x
fuse             0x00820000         0x00000400         rw !x
lock             0x00830000         0x00000400         rw !x
signature        0x00840000         0x00000400         rw !x
*default*        0x00000000         0xffffffff

Linker script and memory map

LOAD c:/program files (x86)/atmel/atmel studio 6.0/extensions/atmel/avrgcc/3.4.1.95/avrtoolchain/bin/../lib/gcc/avr/4.6.2/../../../../avr/lib/avr5/crtm32a.o
LOAD DIO.o
LOAD DIO_config.o
LOAD Interrupts.o
LOAD main.o
LOAD timer.o
LOAD Timer_Config.o
LOAD TMU.o
LOAD TMU_Config.o
START GROUP
LOAD c:/program files (x86)/atmel/atmel studio 6.0/extensions/atmel/avrgcc/3.4.1.95/avrtoolchain/bin/../lib/gcc/avr/4.6.2/../../../../avr/lib/avr5\libm.a
END GROUP
LOAD c:/program files (x86)/atmel/atmel studio 6.0/extensions/atmel/avrgcc/3.4.1.95/avrtoolchain/bin/../lib/gcc/avr/4.6.2/avr5\libgcc.a
LOAD c:/program files (x86)/atmel/atmel studio 6.0/extensions/atmel/avrgcc/3.4.1.95/avrtoolchain/bin/../lib/gcc/avr/4.6.2/../../../../avr/lib/avr5\libc.a
LOAD c:/program files (x86)/atmel/atmel studio 6.0/extensions/atmel/avrgcc/3.4.1.95/avrtoolchain/bin/../lib/gcc/avr/4.6.2/avr5\libgcc.a

.hash
 *(.hash)

.dynsym
 *(.dynsym)

.dynstr
 *(.dynstr)

.gnu.version
 *(.gnu.version)

.gnu.version_d
 *(.gnu.version_d)

.gnu.version_r
 *(.gnu.version_r)

.rel.init
 *(.rel.init)

.rela.init
 *(.rela.init)

.rel.text
 *(.rel.text)
 *(.rel.text.*)
 *(.rel.gnu.linkonce.t*)

.rela.text
 *(.rela.text)
 *(.rela.text.*)
 *(.rela.gnu.linkonce.t*)

.rel.fini
 *(.rel.fini)

.rela.fini
 *(.rela.fini)

.rel.rodata
 *(.rel.rodata)
 *(.rel.rodata.*)
 *(.rel.gnu.linkonce.r*)

.rela.rodata
 *(.rela.rodata)
 *(.rela.rodata.*)
 *(.rela.gnu.linkonce.r*)

.rel.data
 *(.rel.data)
 *(.rel.data.*)
 *(.rel.gnu.linkonce.d*)

.rela.data
 *(.rela.data)
 *(.rela.data.*)
 *(.rela.gnu.linkonce.d*)

.rel.ctors
 *(.rel.ctors)

.rela.ctors
 *(.rela.ctors)

.rel.dtors
 *(.rel.dtors)

.rela.dtors
 *(.rela.dtors)

.rel.got
 *(.rel.got)

.rela.got
 *(.rela.got)

.rel.bss
 *(.rel.bss)

.rela.bss
 *(.rela.bss)

.rel.plt
 *(.rel.plt)

.rela.plt
 *(.rela.plt)

.text           0x00000000      0xfae
 *(.vectors)
 .vectors       0x00000000       0x54 c:/program files (x86)/atmel/atmel studio 6.0/extensions/atmel/avrgcc/3.4.1.95/avrtoolchain/bin/../lib/gcc/avr/4.6.2/../../../../avr/lib/avr5/crtm32a.o
                0x00000000                __vector_default
                0x00000000                __vectors
 *(.vectors)
 *(.progmem.gcc*)
 *(.progmem*)
                0x00000054                . = ALIGN (0x2)
                0x00000054                __trampolines_start = .
 *(.trampolines)
 .trampolines   0x00000054        0x0 linker stubs
 *(.trampolines*)
                0x00000054                __trampolines_end = .
 *(.jumptables)
 *(.jumptables*)
 *(.lowtext)
 *(.lowtext*)
                0x00000054                __ctors_start = .
 *(.ctors)
                0x00000054                __ctors_end = .
                0x00000054                __dtors_start = .
 *(.dtors)
                0x00000054                __dtors_end = .
 SORT(*)(.ctors)
 SORT(*)(.dtors)
 *(.init0)
 .init0         0x00000054        0x0 c:/program files (x86)/atmel/atmel studio 6.0/extensions/atmel/avrgcc/3.4.1.95/avrtoolchain/bin/../lib/gcc/avr/4.6.2/../../../../avr/lib/avr5/crtm32a.o
                0x00000054                __init
 *(.init0)
 *(.init1)
 *(.init1)
 *(.init2)
 .init2         0x00000054        0xc c:/program files (x86)/atmel/atmel studio 6.0/extensions/atmel/avrgcc/3.4.1.95/avrtoolchain/bin/../lib/gcc/avr/4.6.2/../../../../avr/lib/avr5/crtm32a.o
 *(.init2)
 *(.init3)
 *(.init3)
 *(.init4)
 .init4         0x00000060       0x16 c:/program files (x86)/atmel/atmel studio 6.0/extensions/atmel/avrgcc/3.4.1.95/avrtoolchain/bin/../lib/gcc/avr/4.6.2/avr5\libgcc.a(_copy_data.o)
                0x00000060                __do_copy_data
 .init4         0x00000076       0x10 c:/program files (x86)/atmel/atmel studio 6.0/extensions/atmel/avrgcc/3.4.1.95/avrtoolchain/bin/../lib/gcc/avr/4.6.2/avr5\libgcc.a(_clear_bss.o)
                0x00000076                __do_clear_bss
 *(.init4)
 *(.init5)
 *(.init5)
 *(.init6)
 *(.init6)
 *(.init7)
 *(.init7)
 *(.init8)
 *(.init8)
 *(.init9)
 .init9         0x00000086        0x8 c:/program files (x86)/atmel/atmel studio 6.0/extensions/atmel/avrgcc/3.4.1.95/avrtoolchain/bin/../lib/gcc/avr/4.6.2/../../../../avr/lib/avr5/crtm32a.o
 *(.init9)
 *(.text)
 .text          0x0000008e        0x4 c:/program files (x86)/atmel/atmel studio 6.0/extensions/atmel/avrgcc/3.4.1.95/avrtoolchain/bin/../lib/gcc/avr/4.6.2/../../../../avr/lib/avr5/crtm32a.o
                0x0000008e                __bad_interrupt
 .text          0x00000092      0x1c8 DIO.o
                0x00000092                DIO_init
                0x0000014a                DIO_Write
                0x000001de                DIO_Read
                0x0000021c                DIO_Toggle
 .text          0x0000025a        0x0 DIO_config.o
 .text          0x0000025a      0x66a Interrupts.o
                0x0000025a                G_interrupt_Enable
                0x00000262                EX_interrupt_enable2
                0x00000274                EX_interrupt_enable1
                0x0000028c                EX_interrupt_enable0
                0x000002a4                G_interrupt_Disable
                0x000002ac                __vector_1
                0x000002fa                __vector_2
                0x00000348                __vector_3
                0x00000396                __vector_4
                0x000003e4                __vector_5
                0x00000432                __vector_6
                0x00000480                __vector_7
                0x000004ce                __vector_8
                0x0000051c                __vector_9
                0x0000056a                __vector_10
                0x000005b8                __vector_11
                0x00000606                __vector_12
                0x00000654                __vector_13
                0x000006a2                __vector_14
                0x000006f0                __vector_15
                0x0000073e                __vector_16
                0x0000078c                __vector_17
                0x000007da                __vector_18
                0x00000828                __vector_19
                0x00000876                __vector_20
 .text          0x000008c4       0x3e main.o
                0x000008c4                main
 .text          0x00000902      0x4c0 timer.o
                0x00000902                Timer_Init
                0x00000ae6                Timer_Start
                0x00000d18                Timer_Stop
                0x00000d4c                Timer_GetStatus
                0x00000d8e                Timer_GetValue
 .text          0x00000dc2        0x0 Timer_Config.o
 .text          0x00000dc2      0x1e8 TMU.o
                0x00000dc2                TMU_Init
                0x00000e44                TMU_DeInit
                0x00000e68                TMU_Start_Timer
                0x00000ea0                TMU_Main_Function
                0x00000f60                TMU_Stop_Timer
                0x00000f7a                Tmu_Fun
                0x00000f84                Tmu_For
                0x00000f8e                Tmu_excute
                0x00000f98                timer_interrupt
 .text          0x00000faa        0x0 TMU_Config.o
 .text          0x00000faa        0x0 c:/program files (x86)/atmel/atmel studio 6.0/extensions/atmel/avrgcc/3.4.1.95/avrtoolchain/bin/../lib/gcc/avr/4.6.2/avr5\libgcc.a(_exit.o)
 .text          0x00000faa        0x0 c:/program files (x86)/atmel/atmel studio 6.0/extensions/atmel/avrgcc/3.4.1.95/avrtoolchain/bin/../lib/gcc/avr/4.6.2/avr5\libgcc.a(_copy_data.o)
 .text          0x00000faa        0x0 c:/program files (x86)/atmel/atmel studio 6.0/extensions/atmel/avrgcc/3.4.1.95/avrtoolchain/bin/../lib/gcc/avr/4.6.2/avr5\libgcc.a(_clear_bss.o)
                0x00000faa                . = ALIGN (0x2)
 *(.text.*)
 .text.libgcc   0x00000faa        0x0 c:/program files (x86)/atmel/atmel studio 6.0/extensions/atmel/avrgcc/3.4.1.95/avrtoolchain/bin/../lib/gcc/avr/4.6.2/avr5\libgcc.a(_exit.o)
 .text.libgcc   0x00000faa        0x0 c:/program files (x86)/atmel/atmel studio 6.0/extensions/atmel/avrgcc/3.4.1.95/avrtoolchain/bin/../lib/gcc/avr/4.6.2/avr5\libgcc.a(_copy_data.o)
 .text.libgcc   0x00000faa        0x0 c:/program files (x86)/atmel/atmel studio 6.0/extensions/atmel/avrgcc/3.4.1.95/avrtoolchain/bin/../lib/gcc/avr/4.6.2/avr5\libgcc.a(_clear_bss.o)
                0x00000faa                . = ALIGN (0x2)
 *(.fini9)
 .fini9         0x00000faa        0x0 c:/program files (x86)/atmel/atmel studio 6.0/extensions/atmel/avrgcc/3.4.1.95/avrtoolchain/bin/../lib/gcc/avr/4.6.2/avr5\libgcc.a(_exit.o)
                0x00000faa                _exit
                0x00000faa                exit
 *(.fini9)
 *(.fini8)
 *(.fini8)
 *(.fini7)
 *(.fini7)
 *(.fini6)
 *(.fini6)
 *(.fini5)
 *(.fini5)
 *(.fini4)
 *(.fini4)
 *(.fini3)
 *(.fini3)
 *(.fini2)
 *(.fini2)
 *(.fini1)
 *(.fini1)
 *(.fini0)
 .fini0         0x00000faa        0x4 c:/program files (x86)/atmel/atmel studio 6.0/extensions/atmel/avrgcc/3.4.1.95/avrtoolchain/bin/../lib/gcc/avr/4.6.2/avr5\libgcc.a(_exit.o)
 *(.fini0)
                0x00000fae                _etext = .

.data           0x00800060       0x22 load address 0x00000fae
                0x00800060                PROVIDE (__data_start, .)
 *(.data)
 .data          0x00800060        0x0 c:/program files (x86)/atmel/atmel studio 6.0/extensions/atmel/avrgcc/3.4.1.95/avrtoolchain/bin/../lib/gcc/avr/4.6.2/../../../../avr/lib/avr5/crtm32a.o
 .data          0x00800060        0x0 DIO.o
 .data          0x00800060        0xc DIO_config.o
                0x00800060                Dio_configurationD
                0x00800063                Dio_configurationC
                0x00800066                Dio_configurationB
                0x00800069                Dio_configurationA
 .data          0x0080006c        0x2 Interrupts.o
                0x0080006c                TIMER0OVF_INT
 .data          0x0080006e        0x0 main.o
 .data          0x0080006e        0x0 timer.o
 .data          0x0080006e       0x12 Timer_Config.o
                0x0080006e                Timer_Deinit_Configuration0
                0x00800074                Timer_Configuration0
                0x0080007a                Timer_Configuration2
 .data          0x00800080        0x0 TMU.o
 .data          0x00800080        0x2 TMU_Config.o
                0x00800080                TMU_Configuration
 .data          0x00800082        0x0 c:/program files (x86)/atmel/atmel studio 6.0/extensions/atmel/avrgcc/3.4.1.95/avrtoolchain/bin/../lib/gcc/avr/4.6.2/avr5\libgcc.a(_exit.o)
 .data          0x00800082        0x0 c:/program files (x86)/atmel/atmel studio 6.0/extensions/atmel/avrgcc/3.4.1.95/avrtoolchain/bin/../lib/gcc/avr/4.6.2/avr5\libgcc.a(_copy_data.o)
 .data          0x00800082        0x0 c:/program files (x86)/atmel/atmel studio 6.0/extensions/atmel/avrgcc/3.4.1.95/avrtoolchain/bin/../lib/gcc/avr/4.6.2/avr5\libgcc.a(_clear_bss.o)
 *(.data*)
 *(.rodata)
 *(.rodata*)
 *(.gnu.linkonce.d*)
                0x00800082                . = ALIGN (0x2)
                0x00800082                _edata = .
                0x00800082                PROVIDE (__data_end, .)

.bss            0x00800082       0x40
                0x00800082                PROVIDE (__bss_start, .)
 *(.bss)
 .bss           0x00800082        0x0 c:/program files (x86)/atmel/atmel studio 6.0/extensions/atmel/avrgcc/3.4.1.95/avrtoolchain/bin/../lib/gcc/avr/4.6.2/../../../../avr/lib/avr5/crtm32a.o
 .bss           0x00800082        0x0 DIO.o
 .bss           0x00800082        0x0 DIO_config.o
 .bss           0x00800082        0x0 Interrupts.o
 .bss           0x00800082        0x0 main.o
 .bss           0x00800082        0x1 timer.o
 .bss           0x00800083        0x0 Timer_Config.o
 .bss           0x00800083        0x3 TMU.o
                0x00800083                u8Excution_to_be_done
                0x00800084                u8_FUN_index
                0x00800085                u8_Is_Intialized
 .bss           0x00800086        0x0 TMU_Config.o
 .bss           0x00800086        0x0 c:/program files (x86)/atmel/atmel studio 6.0/extensions/atmel/avrgcc/3.4.1.95/avrtoolchain/bin/../lib/gcc/avr/4.6.2/avr5\libgcc.a(_exit.o)
 .bss           0x00800086        0x0 c:/program files (x86)/atmel/atmel studio 6.0/extensions/atmel/avrgcc/3.4.1.95/avrtoolchain/bin/../lib/gcc/avr/4.6.2/avr5\libgcc.a(_copy_data.o)
 .bss           0x00800086        0x0 c:/program files (x86)/atmel/atmel studio 6.0/extensions/atmel/avrgcc/3.4.1.95/avrtoolchain/bin/../lib/gcc/avr/4.6.2/avr5\libgcc.a(_clear_bss.o)
 *(.bss*)
 *(COMMON)
 COMMON         0x00800086       0x26 Interrupts.o
                0x00800086                TWI_I2C
                0x00800088                USART_RXC
                0x0080008a                TIMER2OVF
                0x0080008c                SPM_RDY
                0x0080008e                TIMER1COMPB
                0x00800090                TIMER1COMPA
                0x00800092                SPI_STC
                0x00800094                INT2_external_interrupt
                0x00800096                ANA_COMP
                0x00800098                ADC_INT
                0x0080009a                EE_RDY
                0x0080009c                INT0_external_interrupt
                0x0080009e                USART_TXC
                0x008000a0                TIMER0COMP
                0x008000a2                USART_UDRE
                0x008000a4                INT1_external_interrupt
                0x008000a6                TIMER1CAPT
                0x008000a8                TIMER1OVF
                0x008000aa                TIMER2COMP
 COMMON         0x008000ac       0x16 TMU.o
                0x008000ac                Start_status
                0x008000ae                Buffer_Array
                0x008000be                start
                0x008000c2                PROVIDE (__bss_end, .)
                0x00000fae                __data_load_start = LOADADDR (.data)
                0x00000fd0                __data_load_end = (__data_load_start + SIZEOF (.data))

.noinit         0x008000c2        0x0
                0x008000c2                PROVIDE (__noinit_start, .)
 *(.noinit*)
                0x008000c2                PROVIDE (__noinit_end, .)
                0x008000c2                _end = .
                0x008000c2                PROVIDE (__heap_start, .)

.eeprom         0x00810000        0x0
 *(.eeprom*)
                0x00810000                __eeprom_end = .

.fuse
 *(.fuse)
 *(.lfuse)
 *(.hfuse)
 *(.efuse)

.lock
 *(.lock*)

.signature
 *(.signature*)

.stab           0x00000000      0x6cc
 *(.stab)
 .stab          0x00000000      0x6cc c:/program files (x86)/atmel/atmel studio 6.0/extensions/atmel/avrgcc/3.4.1.95/avrtoolchain/bin/../lib/gcc/avr/4.6.2/../../../../avr/lib/avr5/crtm32a.o

.stabstr        0x00000000       0x85
 *(.stabstr)
 .stabstr       0x00000000       0x85 c:/program files (x86)/atmel/atmel studio 6.0/extensions/atmel/avrgcc/3.4.1.95/avrtoolchain/bin/../lib/gcc/avr/4.6.2/../../../../avr/lib/avr5/crtm32a.o

.stab.excl
 *(.stab.excl)

.stab.exclstr
 *(.stab.exclstr)

.stab.index
 *(.stab.index)

.stab.indexstr
 *(.stab.indexstr)

.comment
 *(.comment)

.debug
 *(.debug)

.line
 *(.line)

.debug_srcinfo
 *(.debug_srcinfo)

.debug_sfnames
 *(.debug_sfnames)

.debug_aranges  0x00000000      0x100
 *(.debug_aranges)
 .debug_aranges
                0x00000000       0x20 DIO.o
 .debug_aranges
                0x00000020       0x20 Interrupts.o
 .debug_aranges
                0x00000040       0x20 main.o
 .debug_aranges
                0x00000060       0x20 timer.o
 .debug_aranges
                0x00000080       0x20 TMU.o
 .debug_aranges
                0x000000a0       0x20 c:/program files (x86)/atmel/atmel studio 6.0/extensions/atmel/avrgcc/3.4.1.95/avrtoolchain/bin/../lib/gcc/avr/4.6.2/avr5\libgcc.a(_exit.o)
 .debug_aranges
                0x000000c0       0x20 c:/program files (x86)/atmel/atmel studio 6.0/extensions/atmel/avrgcc/3.4.1.95/avrtoolchain/bin/../lib/gcc/avr/4.6.2/avr5\libgcc.a(_copy_data.o)
 .debug_aranges
                0x000000e0       0x20 c:/program files (x86)/atmel/atmel studio 6.0/extensions/atmel/avrgcc/3.4.1.95/avrtoolchain/bin/../lib/gcc/avr/4.6.2/avr5\libgcc.a(_clear_bss.o)

.debug_pubnames
 *(.debug_pubnames)

.debug_info     0x00000000     0x15db
 *(.debug_info)
 .debug_info    0x00000000      0x206 DIO.o
 .debug_info    0x00000206       0xf3 DIO_config.o
 .debug_info    0x000002f9      0x510 Interrupts.o
 .debug_info    0x00000809      0x14b main.o
 .debug_info    0x00000954      0x39b timer.o
 .debug_info    0x00000cef      0x105 Timer_Config.o
 .debug_info    0x00000df4      0x49c TMU.o
 .debug_info    0x00001290       0xb4 TMU_Config.o
 .debug_info    0x00001344       0xdd c:/program files (x86)/atmel/atmel studio 6.0/extensions/atmel/avrgcc/3.4.1.95/avrtoolchain/bin/../lib/gcc/avr/4.6.2/avr5\libgcc.a(_exit.o)
 .debug_info    0x00001421       0xdd c:/program files (x86)/atmel/atmel studio 6.0/extensions/atmel/avrgcc/3.4.1.95/avrtoolchain/bin/../lib/gcc/avr/4.6.2/avr5\libgcc.a(_copy_data.o)
 .debug_info    0x000014fe       0xdd c:/program files (x86)/atmel/atmel studio 6.0/extensions/atmel/avrgcc/3.4.1.95/avrtoolchain/bin/../lib/gcc/avr/4.6.2/avr5\libgcc.a(_clear_bss.o)
 *(.gnu.linkonce.wi.*)

.debug_abbrev   0x00000000      0x628
 *(.debug_abbrev)
 .debug_abbrev  0x00000000       0xd8 DIO.o
 .debug_abbrev  0x000000d8       0x75 DIO_config.o
 .debug_abbrev  0x0000014d       0xa1 Interrupts.o
 .debug_abbrev  0x000001ee       0x93 main.o
 .debug_abbrev  0x00000281      0x138 timer.o
 .debug_abbrev  0x000003b9       0x76 Timer_Config.o
 .debug_abbrev  0x0000042f      0x150 TMU.o
 .debug_abbrev  0x0000057f       0x6d TMU_Config.o
 .debug_abbrev  0x000005ec       0x14 c:/program files (x86)/atmel/atmel studio 6.0/extensions/atmel/avrgcc/3.4.1.95/avrtoolchain/bin/../lib/gcc/avr/4.6.2/avr5\libgcc.a(_exit.o)
 .debug_abbrev  0x00000600       0x14 c:/program files (x86)/atmel/atmel studio 6.0/extensions/atmel/avrgcc/3.4.1.95/avrtoolchain/bin/../lib/gcc/avr/4.6.2/avr5\libgcc.a(_copy_data.o)
 .debug_abbrev  0x00000614       0x14 c:/program files (x86)/atmel/atmel studio 6.0/extensions/atmel/avrgcc/3.4.1.95/avrtoolchain/bin/../lib/gcc/avr/4.6.2/avr5\libgcc.a(_clear_bss.o)

.debug_line     0x00000000      0x71e
 *(.debug_line)
 .debug_line    0x00000000       0xf1 DIO.o
 .debug_line    0x000000f1       0x4e DIO_config.o
 .debug_line    0x0000013f       0xc4 Interrupts.o
 .debug_line    0x00000203       0x71 main.o
 .debug_line    0x00000274      0x18b timer.o
 .debug_line    0x000003ff       0x52 Timer_Config.o
 .debug_line    0x00000451       0xd8 TMU.o
 .debug_line    0x00000529       0x4e TMU_Config.o
 .debug_line    0x00000577       0x88 c:/program files (x86)/atmel/atmel studio 6.0/extensions/atmel/avrgcc/3.4.1.95/avrtoolchain/bin/../lib/gcc/avr/4.6.2/avr5\libgcc.a(_exit.o)
 .debug_line    0x000005ff       0x91 c:/program files (x86)/atmel/atmel studio 6.0/extensions/atmel/avrgcc/3.4.1.95/avrtoolchain/bin/../lib/gcc/avr/4.6.2/avr5\libgcc.a(_copy_data.o)
 .debug_line    0x00000690       0x8e c:/program files (x86)/atmel/atmel studio 6.0/extensions/atmel/avrgcc/3.4.1.95/avrtoolchain/bin/../lib/gcc/avr/4.6.2/avr5\libgcc.a(_clear_bss.o)

.debug_frame    0x00000000      0x8f8
 *(.debug_frame)
 .debug_frame   0x00000000       0x54 DIO.o
 .debug_frame   0x00000054      0x744 Interrupts.o
 .debug_frame   0x00000798       0x24 main.o
 .debug_frame   0x000007bc       0x74 timer.o
 .debug_frame   0x00000830       0xc8 TMU.o

.debug_str      0x00000000      0x748
 *(.debug_str)
 .debug_str     0x00000000      0x116 DIO.o
                                0x150 (size before relaxing)
 .debug_str     0x00000116       0x5e DIO_config.o
                                0x14f (size before relaxing)
 .debug_str     0x00000174      0x25c Interrupts.o
                                0x345 (size before relaxing)
 .debug_str     0x000003d0       0x51 main.o
                                0x168 (size before relaxing)
 .debug_str     0x00000421       0xeb timer.o
                                0x1f4 (size before relaxing)
 .debug_str     0x0000050c       0x5a Timer_Config.o
                                0x193 (size before relaxing)
 .debug_str     0x00000566      0x1d0 TMU.o
                                0x39d (size before relaxing)
 .debug_str     0x00000736       0x12 TMU_Config.o
                                0x12f (size before relaxing)

.debug_loc      0x00000000     0x17d8
 *(.debug_loc)
 .debug_loc     0x00000000      0x28f DIO.o
 .debug_loc     0x0000028f      0xfdc Interrupts.o
 .debug_loc     0x0000126b      0x322 timer.o
 .debug_loc     0x0000158d      0x24b TMU.o

.debug_macinfo
 *(.debug_macinfo)
OUTPUT(TMU_EventDrivenArch.elf elf32-avr)
LOAD linker stubs
